Boston north=NewYork south=NewYork
NewYork north=Boston south=Boston
