Bangor north=Trenton
Boston north=Bangor
Trenton north=Boston
