. north=.^ south=.v east=.> west=.<
.< north=.<^ south=.<v east=. west=.<<
.<< north=.<<^ south=.<<v east=.< west=.<<<
.<<< north=.<<<^ south=.<<<v east=.<< west=.<<<<
.<<<< north=.<<<<^ south=.<<<<v east=.<<< west=.<<<<<
.<<<<< east=.<<<<
.<<<<^ south=.<<<<
.<<<<v north=.<<<<
.<<<^ north=.<<<^^ south=.<<< east=.<<<^> west=.<<<^<
.<<<^< east=.<<<^
.<<<^> west=.<<<^
.<<<^^ south=.<<<^
.<<<v north=.<<< south=.<<<vv east=.<<<v> west=.<<<v<
.<<<v< east=.<<<v
.<<<v> west=.<<<v
.<<<vv north=.<<<v
.<<^ north=.<<^^ south=.<< east=.<<^> west=.<<^<
.<<^< north=.<<^<^ south=.<<^<v east=.<<^ west=.<<^<<
.<<^<< east=.<<^<
.<<^<^ south=.<<^<
.<<^<v north=.<<^<
.<<^> north=.<<^>^ south=.<<^>v east=.<<^>> west=.<<^
.<<^>> west=.<<^>
.<<^>^ south=.<<^>
.<<^>v north=.<<^>
.<<^^ north=.<<^^^ south=.<<^ east=.<<^^> west=.<<^^<
.<<^^< east=.<<^^
.<<^^> west=.<<^^
.<<^^^ south=.<<^^
.<<v north=.<< south=.<<vv east=.<<v> west=.<<v<
.<<v< north=.<<v<^ south=.<<v<v east=.<<v west=.<<v<<
.<<v<< east=.<<v<
.<<v<^ south=.<<v<
.<<v<v north=.<<v<
.<<v> north=.<<v>^ south=.<<v>v east=.<<v>> west=.<<v
.<<v>> west=.<<v>
.<<v>^ south=.<<v>
.<<v>v north=.<<v>
.<<vv north=.<<v south=.<<vvv east=.<<vv> west=.<<vv<
.<<vv< east=.<<vv
.<<vv> west=.<<vv
.<<vvv north=.<<vv
.<^ north=.<^^ south=.< east=.<^> west=.<^<
.<^< north=.<^<^ south=.<^<v east=.<^ west=.<^<<
.<^<< north=.<^<<^ south=.<^<<v east=.<^< west=.<^<<<
.<^<<< east=.<^<<
.<^<<^ south=.<^<<
.<^<<v north=.<^<<
.<^<^ north=.<^<^^ south=.<^< east=.<^<^> west=.<^<^<
.<^<^< east=.<^<^
.<^<^> west=.<^<^
.<^<^^ south=.<^<^
.<^<v north=.<^< south=.<^<vv east=.<^<v> west=.<^<v<
.<^<v< east=.<^<v
.<^<v> west=.<^<v
.<^<vv north=.<^<v
.<^> north=.<^>^ south=.<^>v east=.<^>> west=.<^
.<^>> north=.<^>>^ south=.<^>>v east=.<^>>> west=.<^>
.<^>>> west=.<^>>
.<^>>^ south=.<^>>
.<^>>v north=.<^>>
.<^>^ north=.<^>^^ south=.<^> east=.<^>^> west=.<^>^<
.<^>^< east=.<^>^
.<^>^> west=.<^>^
.<^>^^ south=.<^>^
.<^>v north=.<^> south=.<^>vv east=.<^>v> west=.<^>v<
.<^>v< east=.<^>v
.<^>v> west=.<^>v
.<^>vv north=.<^>v
.<^^ north=.<^^^ south=.<^ east=.<^^> west=.<^^<
.<^^< north=.<^^<^ south=.<^^<v east=.<^^ west=.<^^<<
.<^^<< east=.<^^<
.<^^<^ south=.<^^<
.<^^<v north=.<^^<
.<^^> north=.<^^>^ south=.<^^>v east=.<^^>> west=.<^^
.<^^>> west=.<^^>
.<^^>^ south=.<^^>
.<^^>v north=.<^^>
.<^^^ north=.<^^^^ south=.<^^ east=.<^^^> west=.<^^^<
.<^^^< east=.<^^^
.<^^^> west=.<^^^
.<^^^^ south=.<^^^
.<v north=.< south=.<vv east=.<v> west=.<v<
.<v< north=.<v<^ south=.<v<v east=.<v west=.<v<<
.<v<< north=.<v<<^ south=.<v<<v east=.<v< west=.<v<<<
.<v<<< east=.<v<<
.<v<<^ south=.<v<<
.<v<<v north=.<v<<
.<v<^ north=.<v<^^ south=.<v< east=.<v<^> west=.<v<^<
.<v<^< east=.<v<^
.<v<^> west=.<v<^
.<v<^^ south=.<v<^
.<v<v north=.<v< south=.<v<vv east=.<v<v> west=.<v<v<
.<v<v< east=.<v<v
.<v<v> west=.<v<v
.<v<vv north=.<v<v
.<v> north=.<v>^ south=.<v>v east=.<v>> west=.<v
.<v>> north=.<v>>^ south=.<v>>v east=.<v>>> west=.<v>
.<v>>> west=.<v>>
.<v>>^ south=.<v>>
.<v>>v north=.<v>>
.<v>^ north=.<v>^^ south=.<v> east=.<v>^> west=.<v>^<
.<v>^< east=.<v>^
.<v>^> west=.<v>^
.<v>^^ south=.<v>^
.<v>v north=.<v> south=.<v>vv east=.<v>v> west=.<v>v<
.<v>v< east=.<v>v
.<v>v> west=.<v>v
.<v>vv north=.<v>v
.<vv north=.<v south=.<vvv east=.<vv> west=.<vv<
.<vv< north=.<vv<^ south=.<vv<v east=.<vv west=.<vv<<
.<vv<< east=.<vv<
.<vv<^ south=.<vv<
.<vv<v north=.<vv<
.<vv> north=.<vv>^ south=.<vv>v east=.<vv>> west=.<vv
.<vv>> west=.<vv>
.<vv>^ south=.<vv>
.<vv>v north=.<vv>
.<vvv north=.<vv south=.<vvvv east=.<vvv> west=.<vvv<
.<vvv< east=.<vvv
.<vvv> west=.<vvv
.<vvvv north=.<vvv
.> north=.>^ south=.>v east=.>> west=.
.>> north=.>>^ south=.>>v east=.>>> west=.>
.>>> north=.>>>^ south=.>>>v east=.>>>> west=.>>
.>>>> north=.>>>>^ south=.>>>>v east=.>>>>> west=.>>>
.>>>>> west=.>>>>
.>>>>^ south=.>>>>
.>>>>v north=.>>>>
.>>>^ north=.>>>^^ south=.>>> east=.>>>^> west=.>>>^<
.>>>^< east=.>>>^
.>>>^> west=.>>>^
.>>>^^ south=.>>>^
.>>>v north=.>>> south=.>>>vv east=.>>>v> west=.>>>v<
.>>>v< east=.>>>v
.>>>v> west=.>>>v
.>>>vv north=.>>>v
.>>^ north=.>>^^ south=.>> east=.>>^> west=.>>^<
.>>^< north=.>>^<^ south=.>>^<v east=.>>^ west=.>>^<<
.>>^<< east=.>>^<
.>>^<^ south=.>>^<
.>>^<v north=.>>^<
.>>^> north=.>>^>^ south=.>>^>v east=.>>^>> west=.>>^
.>>^>> west=.>>^>
.>>^>^ south=.>>^>
.>>^>v north=.>>^>
.>>^^ north=.>>^^^ south=.>>^ east=.>>^^> west=.>>^^<
.>>^^< east=.>>^^
.>>^^> west=.>>^^
.>>^^^ south=.>>^^
.>>v north=.>> south=.>>vv east=.>>v> west=.>>v<
.>>v< north=.>>v<^ south=.>>v<v east=.>>v west=.>>v<<
.>>v<< east=.>>v<
.>>v<^ south=.>>v<
.>>v<v north=.>>v<
.>>v> north=.>>v>^ south=.>>v>v east=.>>v>> west=.>>v
.>>v>> west=.>>v>
.>>v>^ south=.>>v>
.>>v>v north=.>>v>
.>>vv north=.>>v south=.>>vvv east=.>>vv> west=.>>vv<
.>>vv< east=.>>vv
.>>vv> west=.>>vv
.>>vvv north=.>>vv
.>^ north=.>^^ south=.> east=.>^> west=.>^<
.>^< north=.>^<^ south=.>^<v east=.>^ west=.>^<<
.>^<< north=.>^<<^ south=.>^<<v east=.>^< west=.>^<<<
.>^<<< east=.>^<<
.>^<<^ south=.>^<<
.>^<<v north=.>^<<
.>^<^ north=.>^<^^ south=.>^< east=.>^<^> west=.>^<^<
.>^<^< east=.>^<^
.>^<^> west=.>^<^
.>^<^^ south=.>^<^
.>^<v north=.>^< south=.>^<vv east=.>^<v> west=.>^<v<
.>^<v< east=.>^<v
.>^<v> west=.>^<v
.>^<vv north=.>^<v
.>^> north=.>^>^ south=.>^>v east=.>^>> west=.>^
.>^>> north=.>^>>^ south=.>^>>v east=.>^>>> west=.>^>
.>^>>> west=.>^>>
.>^>>^ south=.>^>>
.>^>>v north=.>^>>
.>^>^ north=.>^>^^ south=.>^> east=.>^>^> west=.>^>^<
.>^>^< east=.>^>^
.>^>^> west=.>^>^
.>^>^^ south=.>^>^
.>^>v north=.>^> south=.>^>vv east=.>^>v> west=.>^>v<
.>^>v< east=.>^>v
.>^>v> west=.>^>v
.>^>vv north=.>^>v
.>^^ north=.>^^^ south=.>^ east=.>^^> west=.>^^<
.>^^< north=.>^^<^ south=.>^^<v east=.>^^ west=.>^^<<
.>^^<< east=.>^^<
.>^^<^ south=.>^^<
.>^^<v north=.>^^<
.>^^> north=.>^^>^ south=.>^^>v east=.>^^>> west=.>^^
.>^^>> west=.>^^>
.>^^>^ south=.>^^>
.>^^>v north=.>^^>
.>^^^ north=.>^^^^ south=.>^^ east=.>^^^> west=.>^^^<
.>^^^< east=.>^^^
.>^^^> west=.>^^^
.>^^^^ south=.>^^^
.>v north=.> south=.>vv east=.>v> west=.>v<
.>v< north=.>v<^ south=.>v<v east=.>v west=.>v<<
.>v<< north=.>v<<^ south=.>v<<v east=.>v< west=.>v<<<
.>v<<< east=.>v<<
.>v<<^ south=.>v<<
.>v<<v north=.>v<<
.>v<^ north=.>v<^^ south=.>v< east=.>v<^> west=.>v<^<
.>v<^< east=.>v<^
.>v<^> west=.>v<^
.>v<^^ south=.>v<^
.>v<v north=.>v< south=.>v<vv east=.>v<v> west=.>v<v<
.>v<v< east=.>v<v
.>v<v> west=.>v<v
.>v<vv north=.>v<v
.>v> north=.>v>^ south=.>v>v east=.>v>> west=.>v
.>v>> north=.>v>>^ south=.>v>>v east=.>v>>> west=.>v>
.>v>>> west=.>v>>
.>v>>^ south=.>v>>
.>v>>v north=.>v>>
.>v>^ north=.>v>^^ south=.>v> east=.>v>^> west=.>v>^<
.>v>^< east=.>v>^
.>v>^> west=.>v>^
.>v>^^ south=.>v>^
.>v>v north=.>v> south=.>v>vv east=.>v>v> west=.>v>v<
.>v>v< east=.>v>v
.>v>v> west=.>v>v
.>v>vv north=.>v>v
.>vv north=.>v south=.>vvv east=.>vv> west=.>vv<
.>vv< north=.>vv<^ south=.>vv<v east=.>vv west=.>vv<<
.>vv<< east=.>vv<
.>vv<^ south=.>vv<
.>vv<v north=.>vv<
.>vv> north=.>vv>^ south=.>vv>v east=.>vv>> west=.>vv
.>vv>> west=.>vv>
.>vv>^ south=.>vv>
.>vv>v north=.>vv>
.>vvv north=.>vv south=.>vvvv east=.>vvv> west=.>vvv<
.>vvv< east=.>vvv
.>vvv> west=.>vvv
.>vvvv north=.>vvv
.^ north=.^^ south=. east=.^> west=.^<
.^< north=.^<^ south=.^<v east=.^ west=.^<<
.^<< north=.^<<^ south=.^<<v east=.^< west=.^<<<
.^<<< north=.^<<<^ south=.^<<<v east=.^<< west=.^<<<<
.^<<<< east=.^<<<
.^<<<^ south=.^<<<
.^<<<v north=.^<<<
.^<<^ north=.^<<^^ south=.^<< east=.^<<^> west=.^<<^<
.^<<^< east=.^<<^
.^<<^> west=.^<<^
.^<<^^ south=.^<<^
.^<<v north=.^<< south=.^<<vv east=.^<<v> west=.^<<v<
.^<<v< east=.^<<v
.^<<v> west=.^<<v
.^<<vv north=.^<<v
.^<^ north=.^<^^ south=.^< east=.^<^> west=.^<^<
.^<^< north=.^<^<^ south=.^<^<v east=.^<^ west=.^<^<<
.^<^<< east=.^<^<
.^<^<^ south=.^<^<
.^<^<v north=.^<^<
.^<^> north=.^<^>^ south=.^<^>v east=.^<^>> west=.^<^
.^<^>> west=.^<^>
.^<^>^ south=.^<^>
.^<^>v north=.^<^>
.^<^^ north=.^<^^^ south=.^<^ east=.^<^^> west=.^<^^<
.^<^^< east=.^<^^
.^<^^> west=.^<^^
.^<^^^ south=.^<^^
.^<v north=.^< south=.^<vv east=.^<v> west=.^<v<
.^<v< north=.^<v<^ south=.^<v<v east=.^<v west=.^<v<<
.^<v<< east=.^<v<
.^<v<^ south=.^<v<
.^<v<v north=.^<v<
.^<v> north=.^<v>^ south=.^<v>v east=.^<v>> west=.^<v
.^<v>> west=.^<v>
.^<v>^ south=.^<v>
.^<v>v north=.^<v>
.^<vv north=.^<v south=.^<vvv east=.^<vv> west=.^<vv<
.^<vv< east=.^<vv
.^<vv> west=.^<vv
.^<vvv north=.^<vv
.^> north=.^>^ south=.^>v east=.^>> west=.^
.^>> north=.^>>^ south=.^>>v east=.^>>> west=.^>
.^>>> north=.^>>>^ south=.^>>>v east=.^>>>> west=.^>>
.^>>>> west=.^>>>
.^>>>^ south=.^>>>
.^>>>v north=.^>>>
.^>>^ north=.^>>^^ south=.^>> east=.^>>^> west=.^>>^<
.^>>^< east=.^>>^
.^>>^> west=.^>>^
.^>>^^ south=.^>>^
.^>>v north=.^>> south=.^>>vv east=.^>>v> west=.^>>v<
.^>>v< east=.^>>v
.^>>v> west=.^>>v
.^>>vv north=.^>>v
.^>^ north=.^>^^ south=.^> east=.^>^> west=.^>^<
.^>^< north=.^>^<^ south=.^>^<v east=.^>^ west=.^>^<<
.^>^<< east=.^>^<
.^>^<^ south=.^>^<
.^>^<v north=.^>^<
.^>^> north=.^>^>^ south=.^>^>v east=.^>^>> west=.^>^
.^>^>> west=.^>^>
.^>^>^ south=.^>^>
.^>^>v north=.^>^>
.^>^^ north=.^>^^^ south=.^>^ east=.^>^^> west=.^>^^<
.^>^^< east=.^>^^
.^>^^> west=.^>^^
.^>^^^ south=.^>^^
.^>v north=.^> south=.^>vv east=.^>v> west=.^>v<
.^>v< north=.^>v<^ south=.^>v<v east=.^>v west=.^>v<<
.^>v<< east=.^>v<
.^>v<^ south=.^>v<
.^>v<v north=.^>v<
.^>v> north=.^>v>^ south=.^>v>v east=.^>v>> west=.^>v
.^>v>> west=.^>v>
.^>v>^ south=.^>v>
.^>v>v north=.^>v>
.^>vv north=.^>v south=.^>vvv east=.^>vv> west=.^>vv<
.^>vv< east=.^>vv
.^>vv> west=.^>vv
.^>vvv north=.^>vv
.^^ north=.^^^ south=.^ east=.^^> west=.^^<
.^^< north=.^^<^ south=.^^<v east=.^^ west=.^^<<
.^^<< north=.^^<<^ south=.^^<<v east=.^^< west=.^^<<<
.^^<<< east=.^^<<
.^^<<^ south=.^^<<
.^^<<v north=.^^<<
.^^<^ north=.^^<^^ south=.^^< east=.^^<^> west=.^^<^<
.^^<^< east=.^^<^
.^^<^> west=.^^<^
.^^<^^ south=.^^<^
.^^<v north=.^^< south=.^^<vv east=.^^<v> west=.^^<v<
.^^<v< east=.^^<v
.^^<v> west=.^^<v
.^^<vv north=.^^<v
.^^> north=.^^>^ south=.^^>v east=.^^>> west=.^^
.^^>> north=.^^>>^ south=.^^>>v east=.^^>>> west=.^^>
.^^>>> west=.^^>>
.^^>>^ south=.^^>>
.^^>>v north=.^^>>
.^^>^ north=.^^>^^ south=.^^> east=.^^>^> west=.^^>^<
.^^>^< east=.^^>^
.^^>^> west=.^^>^
.^^>^^ south=.^^>^
.^^>v north=.^^> south=.^^>vv east=.^^>v> west=.^^>v<
.^^>v< east=.^^>v
.^^>v> west=.^^>v
.^^>vv north=.^^>v
.^^^ north=.^^^^ south=.^^ east=.^^^> west=.^^^<
.^^^< north=.^^^<^ south=.^^^<v east=.^^^ west=.^^^<<
.^^^<< east=.^^^<
.^^^<^ south=.^^^<
.^^^<v north=.^^^<
.^^^> north=.^^^>^ south=.^^^>v east=.^^^>> west=.^^^
.^^^>> west=.^^^>
.^^^>^ south=.^^^>
.^^^>v north=.^^^>
.^^^^ north=.^^^^^ south=.^^^ east=.^^^^> west=.^^^^<
.^^^^< east=.^^^^
.^^^^> west=.^^^^
.^^^^^ south=.^^^^
.v north=. south=.vv east=.v> west=.v<
.v< north=.v<^ south=.v<v east=.v west=.v<<
.v<< north=.v<<^ south=.v<<v east=.v< west=.v<<<
.v<<< north=.v<<<^ south=.v<<<v east=.v<< west=.v<<<<
.v<<<< east=.v<<<
.v<<<^ south=.v<<<
.v<<<v north=.v<<<
.v<<^ north=.v<<^^ south=.v<< east=.v<<^> west=.v<<^<
.v<<^< east=.v<<^
.v<<^> west=.v<<^
.v<<^^ south=.v<<^
.v<<v north=.v<< south=.v<<vv east=.v<<v> west=.v<<v<
.v<<v< east=.v<<v
.v<<v> west=.v<<v
.v<<vv north=.v<<v
.v<^ north=.v<^^ south=.v< east=.v<^> west=.v<^<
.v<^< north=.v<^<^ south=.v<^<v east=.v<^ west=.v<^<<
.v<^<< east=.v<^<
.v<^<^ south=.v<^<
.v<^<v north=.v<^<
.v<^> north=.v<^>^ south=.v<^>v east=.v<^>> west=.v<^
.v<^>> west=.v<^>
.v<^>^ south=.v<^>
.v<^>v north=.v<^>
.v<^^ north=.v<^^^ south=.v<^ east=.v<^^> west=.v<^^<
.v<^^< east=.v<^^
.v<^^> west=.v<^^
.v<^^^ south=.v<^^
.v<v north=.v< south=.v<vv east=.v<v> west=.v<v<
.v<v< north=.v<v<^ south=.v<v<v east=.v<v west=.v<v<<
.v<v<< east=.v<v<
.v<v<^ south=.v<v<
.v<v<v north=.v<v<
.v<v> north=.v<v>^ south=.v<v>v east=.v<v>> west=.v<v
.v<v>> west=.v<v>
.v<v>^ south=.v<v>
.v<v>v north=.v<v>
.v<vv north=.v<v south=.v<vvv east=.v<vv> west=.v<vv<
.v<vv< east=.v<vv
.v<vv> west=.v<vv
.v<vvv north=.v<vv
.v> north=.v>^ south=.v>v east=.v>> west=.v
.v>> north=.v>>^ south=.v>>v east=.v>>> west=.v>
.v>>> north=.v>>>^ south=.v>>>v east=.v>>>> west=.v>>
.v>>>> west=.v>>>
.v>>>^ south=.v>>>
.v>>>v north=.v>>>
.v>>^ north=.v>>^^ south=.v>> east=.v>>^> west=.v>>^<
.v>>^< east=.v>>^
.v>>^> west=.v>>^
.v>>^^ south=.v>>^
.v>>v north=.v>> south=.v>>vv east=.v>>v> west=.v>>v<
.v>>v< east=.v>>v
.v>>v> west=.v>>v
.v>>vv north=.v>>v
.v>^ north=.v>^^ south=.v> east=.v>^> west=.v>^<
.v>^< north=.v>^<^ south=.v>^<v east=.v>^ west=.v>^<<
.v>^<< east=.v>^<
.v>^<^ south=.v>^<
.v>^<v north=.v>^<
.v>^> north=.v>^>^ south=.v>^>v east=.v>^>> west=.v>^
.v>^>> west=.v>^>
.v>^>^ south=.v>^>
.v>^>v north=.v>^>
.v>^^ north=.v>^^^ south=.v>^ east=.v>^^> west=.v>^^<
.v>^^< east=.v>^^
.v>^^> west=.v>^^
.v>^^^ south=.v>^^
.v>v north=.v> south=.v>vv east=.v>v> west=.v>v<
.v>v< north=.v>v<^ south=.v>v<v east=.v>v west=.v>v<<
.v>v<< east=.v>v<
.v>v<^ south=.v>v<
.v>v<v north=.v>v<
.v>v> north=.v>v>^ south=.v>v>v east=.v>v>> west=.v>v
.v>v>> west=.v>v>
.v>v>^ south=.v>v>
.v>v>v north=.v>v>
.v>vv north=.v>v south=.v>vvv east=.v>vv> west=.v>vv<
.v>vv< east=.v>vv
.v>vv> west=.v>vv
.v>vvv north=.v>vv
.vv north=.v south=.vvv east=.vv> west=.vv<
.vv< north=.vv<^ south=.vv<v east=.vv west=.vv<<
.vv<< north=.vv<<^ south=.vv<<v east=.vv< west=.vv<<<
.vv<<< east=.vv<<
.vv<<^ south=.vv<<
.vv<<v north=.vv<<
.vv<^ north=.vv<^^ south=.vv< east=.vv<^> west=.vv<^<
.vv<^< east=.vv<^
.vv<^> west=.vv<^
.vv<^^ south=.vv<^
.vv<v north=.vv< south=.vv<vv east=.vv<v> west=.vv<v<
.vv<v< east=.vv<v
.vv<v> west=.vv<v
.vv<vv north=.vv<v
.vv> north=.vv>^ south=.vv>v east=.vv>> west=.vv
.vv>> north=.vv>>^ south=.vv>>v east=.vv>>> west=.vv>
.vv>>> west=.vv>>
.vv>>^ south=.vv>>
.vv>>v north=.vv>>
.vv>^ north=.vv>^^ south=.vv> east=.vv>^> west=.vv>^<
.vv>^< east=.vv>^
.vv>^> west=.vv>^
.vv>^^ south=.vv>^
.vv>v north=.vv> south=.vv>vv east=.vv>v> west=.vv>v<
.vv>v< east=.vv>v
.vv>v> west=.vv>v
.vv>vv north=.vv>v
.vvv north=.vv south=.vvvv east=.vvv> west=.vvv<
.vvv< north=.vvv<^ south=.vvv<v east=.vvv west=.vvv<<
.vvv<< east=.vvv<
.vvv<^ south=.vvv<
.vvv<v north=.vvv<
.vvv> north=.vvv>^ south=.vvv>v east=.vvv>> west=.vvv
.vvv>> west=.vvv>
.vvv>^ south=.vvv>
.vvv>v north=.vvv>
.vvvv north=.vvv south=.vvvvv east=.vvvv> west=.vvvv<
.vvvv< east=.vvvv
.vvvv> west=.vvvv
.vvvvv north=.vvvv
