Albany has been destroyed by alien 1 and alien 0!
NewYork has been destroyed by alien 5 and alien 3!
Bangor has been destroyed by alien 6 and alien 2!
Trenton has been destroyed by alien 7 and alien 4!
Boston
Columbus
