Albany
Bangor
Boston north=Bangor south=NewYork west=Albany
Columbus
NewYork south=Trenton west=Columbus
Trenton
